[backblue.gif]
[fade.gif]
[index.html]
[goaelectricity.gov.in/Images/favicon.ico]
[s3.ap-south-1.amazonaws.com/custpostimages/sb_images/chat-loading.gif]
[cdnjs.cloudflare.com/ajax/libs/fingerprintjs2/1.5.1/fingerprint2.min.js]
[goaelectricity.gov.in/js/jquery_1.10.js]
[goaelectricity.gov.in/js/jquery.bxslider.min.js]
[goaelectricity.gov.in/js/lightbox.min.js]
[goaelectricity.gov.in/js/document_ready.js]
[connect.facebook.net/en_GB/sdk.js]
[goaelectricity.gov.in/Images/azadi.png]
[goaelectricity.gov.in/Regulations/Vision documentqq.pdf]
[goaelectricity.gov.in/Regulations/Goa at a glance.pdf]
[goaelectricity.gov.in/Regulations/Goa Power Network 16122020.pdf]
[goaelectricity.gov.in/Regulations/Webservices.pdf]
[goaelectricity.gov.in/Regulations/CompMech.pdf]
[goaelectricity.gov.in/Regulations/About Website.pdf]
[goaelectricity.gov.in/Regulations/Payscale-Posts.pdf]
[goaelectricity.gov.in/Regulations/FPPCA generalinfo.pdf]
[goaelectricity.gov.in/Regulations/Loading PowTrf May18.xlsx]
[goaelectricity.gov.in/Regulations/Loading PowTrf May19.xlsx]
[goaelectricity.gov.in/Regulations/LOADING FORMAT MAY 2021.xlsx]
[goaelectricity.gov.in/Regulations/EFC-27032018-200KVSaligao S-s.pdf]
[goaelectricity.gov.in/Regulations/EFC_30Oct2018_Netravali.pdf]
[goaelectricity.gov.in/Regulations/EFC Mintes 15012018.pdf]
[goaelectricity.gov.in/Regulations/EFC-13-07-2018- Verna Conductor change.pdf]
[goaelectricity.gov.in/Regulations/EFC Porvorim U_G Phase2.pdf]
[goaelectricity.gov.in/Regulations/EFC-26092018-- 220-33KV Verna s-s GIS.pdf]
[goaelectricity.gov.in/Regulations/GISSaligaoss22033KV.pdf]
[goaelectricity.gov.in/Regulations/Tuem22033KVGIS.pdf]
[goaelectricity.gov.in/Regulations/110KV line conductor change PondaVerna-XeldemVerna.pdf]
[goaelectricity.gov.in/Regulations/Renovation Saligao-Britona.pdf]
[goaelectricity.gov.in/Regulations/EFC 15-02-19-LED 2nd Phase.pdf]
[goaelectricity.gov.in/Regulations/GSWB-4072019-- R&I Shiroda.pdf]
[goaelectricity.gov.in/Regulations/MOMGSWB-4072019-VPMardolVelingPriol.pdf]
[goaelectricity.gov.in/Regulations/GSWB-29082019-LED Supply.pdf]
[goaelectricity.gov.in/Regulations/GSWB11Nov19SupplyLTCables.pdf]
[goaelectricity.gov.in/Regulations/GSWB-11Nov19-RTDAS.pdf]
[goaelectricity.gov.in/Regulations/EFC-11Nov19-5Proposals.pdf]
[goaelectricity.gov.in/Regulations/GSWB 27Dec19- MOM NCRMP Anjuna feeder.pdf]
[goaelectricity.gov.in/Regulations/Gazette-Electricity-Rights-of-Consumers-Rules-2020.pdf]
[goaelectricity.gov.in/Regulations/bharatbillpay.ppt]
[goaelectricity.gov.in/Regulations/Divisions and areas covered.pdf]
[goaelectricity.gov.in/Regulations/NIConline receipt1.pdf]
[goaelectricity.gov.in/Regulations/Consumer Assistance initiatives.pdf]
[goaelectricity.gov.in/Regulations/Mobileapp4sept17.png]
[goaelectricity.gov.in/Regulations/functioning_cgrf.png]
[goaelectricity.gov.in/Regulations/0_New Doc 2020-01-30 15.26.11.pdf]
[goaelectricity.gov.in/Regulations/0_New Doc 2020-01-30 15.18.21.pdf]
[goaelectricity.gov.in/Regulations/02-2020  Scholar Builders Pvt. Ltd..pdf]
[goaelectricity.gov.in/Regulations/03-2020 Suhas Dessai.pdf]
[goaelectricity.gov.in/Regulations/05-2020 Satchit Naik.pdf]
[goaelectricity.gov.in/Regulations/07-2020 Appasaheb Dindalkumpi.pdf]
[goaelectricity.gov.in/Regulations/09-2020 Jophin Electricals Products.pdf]
[goaelectricity.gov.in/Regulations/10-2020 Saiprasad Sarshetty.pdf]
[goaelectricity.gov.in/Regulations/11-2020 Suryakant Parwar.pdf]
[goaelectricity.gov.in/Regulations/06-2020 Samantha Fernandes.pdf]
[goaelectricity.gov.in/Regulations/08-2020 Allwyn Fernandes.pdf]
[goaelectricity.gov.in/Regulations/12-2020 Balkrishna Vartikar.pdf]
[goaelectricity.gov.in/Regulations/14-2020 Mohit Steel Pvt. Ltd..pdf]
[goaelectricity.gov.in/Regulations/15-2020 Mandovi casting Pvt. Ltd..pdf]
[goaelectricity.gov.in/Regulations/17-2020 Shraddha Ispat Pvt. Ltd..pdf]
[goaelectricity.gov.in/Regulations/18-2020 Shirdi Steel Re-Rollers Pvt. Ltd..pdf]
[goaelectricity.gov.in/Regulations/P.no 19 of 2020 Custodio Fernandes.pdf]
[goaelectricity.gov.in/Regulations/20-2020 Global Ispaat Pvt. Ltd..pdf]
[goaelectricity.gov.in/Regulations/21-2020 Shivam Ispat Pvt. Ltd..pdf]
[goaelectricity.gov.in/Regulations/22-2020 Balaji Rollings Pvt. Ltd..pdf]
[goaelectricity.gov.in/Regulations/P.no 23 of 2020 Shrikant Vagalkar.pdf]
[goaelectricity.gov.in/Regulations/P.no 24 of 2020 Santosh Gaonkar.pdf]
[goaelectricity.gov.in/Regulations/25-2020 Mohit Ispat Pvt. Ltd..pdf]
[goaelectricity.gov.in/Regulations/P.no 26 of 2020 Sidharth Parulekar.pdf]
[goaelectricity.gov.in/Regulations/P.no 27 of 2020 Milagrina Couto.pdf]
[goaelectricity.gov.in/Regulations/31-2020 Victor Hospital & Medical Services.pdf]
[goaelectricity.gov.in/Regulations/33 of 2020 Maria Pereira.pdf]
[goaelectricity.gov.in/Regulations/34 of 2020 Shrikant Wagalkar.pdf]
[goaelectricity.gov.in/Regulations/35 of 2020 Minguel Vaz.pdf]
[goaelectricity.gov.in/Regulations/36 of 2020 Ruben Cadros.pdf]
[goaelectricity.gov.in/Regulations/2 of 2021 Menino Rodriques.pdf]
[goaelectricity.gov.in/Regulations/4 of 2021 Ms Ashtek Consultancy Pvt. Ltd..pdf]
[goaelectricity.gov.in/Regulations/6 of 2021 Milan Naik.pdf]
[goaelectricity.gov.in/Regulations/37 of 2021 Schubert Sequeira.pdf]
[goaelectricity.gov.in/Regulations/38 of 2021 Melroy Pinto.pdf]
[goaelectricity.gov.in/Regulations/39 of 2021 Ms. Zara Infrastructure Pvt. Ltd..pdf]
[goaelectricity.gov.in/Regulations/41 of 2021 Shekhar Gauns.pdf]
[goaelectricity.gov.in/Regulations/8 of 2021 Vania Goes.pdf]
[goaelectricity.gov.in/Regulations/10 of 2021 Jaideep Bhosle.pdf]
[goaelectricity.gov.in/Regulations/12 of 2021 Prakash Mehta.pdf]
[goaelectricity.gov.in/Regulations/13 of 2021 Abubakar Dangi.pdf]
[goaelectricity.gov.in/Regulations/21 of 2021 Raymond Fernandes.pdf]
[goaelectricity.gov.in/Regulations/22 of 2021 Goan Hotels and Realty Pvt. Ltd..pdf]
[goaelectricity.gov.in/Regulations/23 of 2021 Muktar Minerals Pvt. Ltd..pdf]
[goaelectricity.gov.in/Regulations/25 of 2021 Hire Mahadev Parab.pdf]
[goaelectricity.gov.in/Regulations/27 of 2021 Benjamin Fernandes.pdf]
[goaelectricity.gov.in/Regulations/28 of 2021 Hire Mahadev Parab.pdf]
[goaelectricity.gov.in/index.html]
[goaelectricity.gov.in/css/style.css]
[goaelectricity.gov.in/css/reset.css]
[goaelectricity.gov.in/css/jquery.bxslider.css]
[goaelectricity.gov.in/CSS/FinalStyles.css]
[goaelectricity.gov.in/CSS/lightbox.css]
[connect.facebook.net/en_GB/sdk.js]
[goaelectricity.gov.in/Home_page.html]
[goaelectricity.gov.in/contactus.html]
